Starting a Gradle Daemon, 3 busy and 1 incompatible and 15 stopped Daemons could not be reused, use --status for details
> Task :app:checkKotlinGradlePluginConfigurationErrors SKIPPED
> Task :app:preBuild UP-TO-DATE
> Task :app:preDebugBuild UP-TO-DATE
> Task :app:checkDebugAarMetadata UP-TO-DATE
> Task :app:processDebugNavigationResources UP-TO-DATE
> Task :app:compileDebugNavigationResources UP-TO-DATE
> Task :app:generateDebugResValues UP-TO-DATE
> Task :app:processDebugGoogleServices UP-TO-DATE
> Task :app:mapDebugSourceSetPaths UP-TO-DATE
> Task :app:generateDebugResources UP-TO-DATE
> Task :app:mergeDebugResources UP-TO-DATE
> Task :app:packageDebugResources UP-TO-DATE
> Task :app:parseDebugLocalResources UP-TO-DATE
> Task :app:createDebugCompatibleScreenManifests UP-TO-DATE
> Task :app:extractDeepLinksDebug UP-TO-DATE
> Task :app:processDebugMainManifest UP-TO-DATE
> Task :app:processDebugManifest UP-TO-DATE
> Task :app:processDebugManifestForPackage UP-TO-DATE
> Task :app:processDebugResources UP-TO-DATE
> Task :app:kspDebugKotlin UP-TO-DATE

> Task :app:compileDebugKotlin
.\gradlew : e: file:///C:/Users/kiwix/AndroidStudioProjects/Lumi/app/src/main/java/com/jeremy/lumi/domain/usecase/MockD
ataGeneratorUseCase.kt:40:17 No parameter with name 'isPredicted' found.
En línea: 1 Carácter: 1
+ .\gradlew compileDebugKotlin > build_output.log 2>&1 ; Select-String  ...
+ ~~~~~~~~~~~~~~~~~~~~~~~~~~~~~~~~~~~~~~~~~~~~~~~~~~~~
    + CategoryInfo          : NotSpecified: (e: file:///C:/U...edicted' found.:String) [], RemoteException
    + FullyQualifiedErrorId : NativeCommandError
 
e: file:///C:/Users/kiwix/AndroidStudioProjects/Lumi/app/src/main/java/com/jeremy/lumi/domain/usecase/MockDataGenerator
UseCase.kt:40:17 No value passed for parameter 'predictedOvulationDate'.
e: file:///C:/Users/kiwix/AndroidStudioProjects/Lumi/app/src/main/java/com/jeremy/lumi/domain/usecase/MockDataGenerator
UseCase.kt:58:13 No parameter with name 'isPredicted' found.
e: file:///C:/Users/kiwix/AndroidStudioProjects/Lumi/app/src/main/java/com/jeremy/lumi/domain/usecase/MockDataGenerator
UseCase.kt:58:13 No value passed for parameter 'predictedOvulationDate'.
e: file:///C:/Users/kiwix/AndroidStudioProjects/Lumi/app/src/main/java/com/jeremy/lumi/domain/usecase/MockDataGenerator
UseCase.kt:106:17 No value passed for parameter 'cycleId'.
e: file:///C:/Users/kiwix/AndroidStudioProjects/Lumi/app/src/main/java/com/jeremy/lumi/domain/usecase/MockDataGenerator
UseCase.kt:115:53 No parameter with name 'logDate' found.
e: file:///C:/Users/kiwix/AndroidStudioProjects/Lumi/app/src/main/java/com/jeremy/lumi/domain/usecase/MockDataGenerator
UseCase.kt:115:87 No parameter with name 'severity' found.
e: file:///C:/Users/kiwix/AndroidStudioProjects/Lumi/app/src/main/java/com/jeremy/lumi/domain/usecase/MockDataGenerator
UseCase.kt:115:87 No value passed for parameter 'dailyLogId'.
e: file:///C:/Users/kiwix/AndroidStudioProjects/Lumi/app/src/main/java/com/jeremy/lumi/domain/usecase/MockDataGenerator
UseCase.kt:115:87 No value passed for parameter 'intensity'.
e: file:///C:/Users/kiwix/AndroidStudioProjects/Lumi/app/src/main/java/com/jeremy/lumi/ui/screens/insights/InsightsScre
en.kt:841:81 Unresolved reference 'AutoAwesome'.
e: file:///C:/Users/kiwix/AndroidStudioProjects/Lumi/app/src/main/java/com/jeremy/lumi/ui/screens/settings/SettingsScre
en.kt:398:56 Unresolved reference 'Refresh'.

> Task :app:compileDebugKotlin FAILED

FAILURE: Build failed with an exception.

* What went wrong:
Execution failed for task ':app:compileDebugKotlin'.
> A failure occurred while executing 
org.jetbrains.kotlin.compilerRunner.GradleCompilerRunnerWithWorkers$GradleKotlinCompilerWorkAction
   > Compilation error. See log for more details

* Try:
> Run with --stacktrace option to get the stack trace.
> Run with --info or --debug option to get more log output.
> Run with --scan to get full insights.
> Get more help at https://help.gradle.org.

BUILD FAILED in 38s
18 actionable tasks: 1 executed, 17 up-to-date
